--progress is a global compose flag, better use `docker compose --progress xx build ...
 Image automatednewslivestreamintelligencesystem-news-intel Building 
#1 [internal] load local bake definitions
#1 reading from stdin 684B done
#1 DONE 0.0s

#2 [internal] load build definition from Dockerfile
#2 transferring dockerfile: 4.29kB done
#2 DONE 0.1s

#3 [internal] load metadata for docker.io/library/python:3.10-slim
#3 DONE 7.1s

#4 [internal] load .dockerignore
#4 transferring context: 732B done
#4 DONE 0.0s

#5 [ 1/22] FROM docker.io/library/python:3.10-slim@sha256:e508a34e5491225a76fbb9e0f43ebde1f691c6a689d096d7510cf7fb17d4ba6f
#5 resolve docker.io/library/python:3.10-slim@sha256:e508a34e5491225a76fbb9e0f43ebde1f691c6a689d096d7510cf7fb17d4ba6f 0.0s done
#5 ...

#6 [internal] load build context
#6 transferring context: 347.30kB 0.0s done
#6 DONE 0.1s

#5 [ 1/22] FROM docker.io/library/python:3.10-slim@sha256:e508a34e5491225a76fbb9e0f43ebde1f691c6a689d096d7510cf7fb17d4ba6f
#5 sha256:e508a34e5491225a76fbb9e0f43ebde1f691c6a689d096d7510cf7fb17d4ba6f 10.37kB / 10.37kB done
#5 sha256:c527c2bded6c6aefb87d87d4077cc9c0c887e878c4712b5f891f4d7f980130cf 1.75kB / 1.75kB done
#5 sha256:988b1bc8015840dc964d73346946665ad513f8040de02ad5ecae13ce97669d96 5.48kB / 5.48kB done
#5 sha256:0c8d55a45c0dc58de60579b9cc5b708de9e7957f4591fc7de941b67c7e245da0 0B / 29.78MB 0.2s
#5 sha256:690eaffcf0e9a6e579bf82062d0d78590bd1bc000a309b8e76ff4ca460bcdb6f 0B / 1.29MB 0.2s
#5 sha256:d0d1977db48579fff601d66e8aa7525a837b9b23aa7f8e0d3e1de01d8fb6ace6 0B / 13.82MB 0.2s
#5 sha256:0c8d55a45c0dc58de60579b9cc5b708de9e7957f4591fc7de941b67c7e245da0 0B / 29.78MB 5.3s
#5 sha256:690eaffcf0e9a6e579bf82062d0d78590bd1bc000a309b8e76ff4ca460bcdb6f 0B / 1.29MB 5.3s
#5 sha256:d0d1977db48579fff601d66e8aa7525a837b9b23aa7f8e0d3e1de01d8fb6ace6 0B / 13.82MB 5.3s
#5 sha256:0c8d55a45c0dc58de60579b9cc5b708de9e7957f4591fc7de941b67c7e245da0 1.05MB / 29.78MB 10.3s
#5 sha256:690eaffcf0e9a6e579bf82062d0d78590bd1bc000a309b8e76ff4ca460bcdb6f 0B / 1.29MB 10.3s
#5 sha256:d0d1977db48579fff601d66e8aa7525a837b9b23aa7f8e0d3e1de01d8fb6ace6 0B / 13.82MB 10.3s
#5 sha256:690eaffcf0e9a6e579bf82062d0d78590bd1bc000a309b8e76ff4ca460bcdb6f 1.05MB / 1.29MB 12.8s
#5 sha256:690eaffcf0e9a6e579bf82062d0d78590bd1bc000a309b8e76ff4ca460bcdb6f 1.29MB / 1.29MB 14.3s done
#5 sha256:63ebb7511fc188c7eca8836db8cac7bc37e7d188bd4e5fc617fa0f20979d8a7e 0B / 250B 14.5s
#5 sha256:0c8d55a45c0dc58de60579b9cc5b708de9e7957f4591fc7de941b67c7e245da0 1.05MB / 29.78MB 15.3s
#5 sha256:d0d1977db48579fff601d66e8aa7525a837b9b23aa7f8e0d3e1de01d8fb6ace6 0B / 13.82MB 15.3s
#5 sha256:63ebb7511fc188c7eca8836db8cac7bc37e7d188bd4e5fc617fa0f20979d8a7e 250B / 250B 18.3s
#5 sha256:63ebb7511fc188c7eca8836db8cac7bc37e7d188bd4e5fc617fa0f20979d8a7e 250B / 250B 18.3s done
#5 sha256:0c8d55a45c0dc58de60579b9cc5b708de9e7957f4591fc7de941b67c7e245da0 2.10MB / 29.78MB 20.4s
#5 sha256:d0d1977db48579fff601d66e8aa7525a837b9b23aa7f8e0d3e1de01d8fb6ace6 0B / 13.82MB 20.4s
#5 sha256:0c8d55a45c0dc58de60579b9cc5b708de9e7957f4591fc7de941b67c7e245da0 3.15MB / 29.78MB 25.6s
#5 sha256:d0d1977db48579fff601d66e8aa7525a837b9b23aa7f8e0d3e1de01d8fb6ace6 0B / 13.82MB 25.6s
#5 sha256:d0d1977db48579fff601d66e8aa7525a837b9b23aa7f8e0d3e1de01d8fb6ace6 1.05MB / 13.82MB 25.7s
#5 sha256:0c8d55a45c0dc58de60579b9cc5b708de9e7957f4591fc7de941b67c7e245da0 3.15MB / 29.78MB 30.6s
#5 sha256:d0d1977db48579fff601d66e8aa7525a837b9b23aa7f8e0d3e1de01d8fb6ace6 1.05MB / 13.82MB 30.8s
#5 sha256:0c8d55a45c0dc58de60579b9cc5b708de9e7957f4591fc7de941b67c7e245da0 4.19MB / 29.78MB 35.7s
#5 sha256:d0d1977db48579fff601d66e8aa7525a837b9b23aa7f8e0d3e1de01d8fb6ace6 1.05MB / 13.82MB 35.9s
#5 sha256:0c8d55a45c0dc58de60579b9cc5b708de9e7957f4591fc7de941b67c7e245da0 4.19MB / 29.78MB 40.8s
#5 sha256:d0d1977db48579fff601d66e8aa7525a837b9b23aa7f8e0d3e1de01d8fb6ace6 1.05MB / 13.82MB 41.0s
#5 sha256:0c8d55a45c0dc58de60579b9cc5b708de9e7957f4591fc7de941b67c7e245da0 4.19MB / 29.78MB 45.9s
#5 sha256:d0d1977db48579fff601d66e8aa7525a837b9b23aa7f8e0d3e1de01d8fb6ace6 1.05MB / 13.82MB 46.1s
#5 sha256:0c8d55a45c0dc58de60579b9cc5b708de9e7957f4591fc7de941b67c7e245da0 4.19MB / 29.78MB 50.9s
#5 sha256:d0d1977db48579fff601d66e8aa7525a837b9b23aa7f8e0d3e1de01d8fb6ace6 1.05MB / 13.82MB 51.3s
#5 sha256:0c8d55a45c0dc58de60579b9cc5b708de9e7957f4591fc7de941b67c7e245da0 4.19MB / 29.78MB 55.9s
#5 sha256:d0d1977db48579fff601d66e8aa7525a837b9b23aa7f8e0d3e1de01d8fb6ace6 1.05MB / 13.82MB 56.5s
#5 sha256:d0d1977db48579fff601d66e8aa7525a837b9b23aa7f8e0d3e1de01d8fb6ace6 2.10MB / 13.82MB 59.5s
#5 sha256:0c8d55a45c0dc58de60579b9cc5b708de9e7957f4591fc7de941b67c7e245da0 5.24MB / 29.78MB 61.0s
#5 sha256:d0d1977db48579fff601d66e8aa7525a837b9b23aa7f8e0d3e1de01d8fb6ace6 2.10MB / 13.82MB 64.6s
#5 sha256:0c8d55a45c0dc58de60579b9cc5b708de9e7957f4591fc7de941b67c7e245da0 5.24MB / 29.78MB 66.1s
#5 sha256:d0d1977db48579fff601d66e8aa7525a837b9b23aa7f8e0d3e1de01d8fb6ace6 2.10MB / 13.82MB 69.7s
#5 sha256:0c8d55a45c0dc58de60579b9cc5b708de9e7957f4591fc7de941b67c7e245da0 5.24MB / 29.78MB 71.2s
#5 sha256:d0d1977db48579fff601d66e8aa7525a837b9b23aa7f8e0d3e1de01d8fb6ace6 2.10MB / 13.82MB 74.7s
#5 sha256:0c8d55a45c0dc58de60579b9cc5b708de9e7957f4591fc7de941b67c7e245da0 6.29MB / 29.78MB 76.3s
#5 sha256:d0d1977db48579fff601d66e8aa7525a837b9b23aa7f8e0d3e1de01d8fb6ace6 3.15MB / 13.82MB 77.9s
#5 sha256:0c8d55a45c0dc58de60579b9cc5b708de9e7957f4591fc7de941b67c7e245da0 6.29MB / 29.78MB 81.4s
#5 sha256:d0d1977db48579fff601d66e8aa7525a837b9b23aa7f8e0d3e1de01d8fb6ace6 3.15MB / 13.82MB 82.9s
#5 sha256:0c8d55a45c0dc58de60579b9cc5b708de9e7957f4591fc7de941b67c7e245da0 6.29MB / 29.78MB 86.4s
#5 sha256:d0d1977db48579fff601d66e8aa7525a837b9b23aa7f8e0d3e1de01d8fb6ace6 3.15MB / 13.82MB 88.0s
#5 sha256:0c8d55a45c0dc58de60579b9cc5b708de9e7957f4591fc7de941b67c7e245da0 7.34MB / 29.78MB 91.5s
#5 sha256:d0d1977db48579fff601d66e8aa7525a837b9b23aa7f8e0d3e1de01d8fb6ace6 3.15MB / 13.82MB 93.0s
#5 sha256:d0d1977db48579fff601d66e8aa7525a837b9b23aa7f8e0d3e1de01d8fb6ace6 4.19MB / 13.82MB 95.7s
#5 sha256:0c8d55a45c0dc58de60579b9cc5b708de9e7957f4591fc7de941b67c7e245da0 7.34MB / 29.78MB 96.5s
#5 sha256:d0d1977db48579fff601d66e8aa7525a837b9b23aa7f8e0d3e1de01d8fb6ace6 4.19MB / 13.82MB 100.8s
#5 sha256:0c8d55a45c0dc58de60579b9cc5b708de9e7957f4591fc7de941b67c7e245da0 8.39MB / 29.78MB 101.6s
#5 sha256:d0d1977db48579fff601d66e8aa7525a837b9b23aa7f8e0d3e1de01d8fb6ace6 5.24MB / 13.82MB 104.1s
#5 sha256:0c8d55a45c0dc58de60579b9cc5b708de9e7957f4591fc7de941b67c7e245da0 8.39MB / 29.78MB 106.8s
#5 sha256:d0d1977db48579fff601d66e8aa7525a837b9b23aa7f8e0d3e1de01d8fb6ace6 5.24MB / 13.82MB 109.2s
#5 sha256:0c8d55a45c0dc58de60579b9cc5b708de9e7957f4591fc7de941b67c7e245da0 9.44MB / 29.78MB 111.9s
#5 sha256:d0d1977db48579fff601d66e8aa7525a837b9b23aa7f8e0d3e1de01d8fb6ace6 6.29MB / 13.82MB 114.2s
#5 sha256:0c8d55a45c0dc58de60579b9cc5b708de9e7957f4591fc7de941b67c7e245da0 9.44MB / 29.78MB 116.9s
#5 sha256:d0d1977db48579fff601d66e8aa7525a837b9b23aa7f8e0d3e1de01d8fb6ace6 6.29MB / 13.82MB 119.2s
#5 sha256:d0d1977db48579fff601d66e8aa7525a837b9b23aa7f8e0d3e1de01d8fb6ace6 7.34MB / 13.82MB 121.3s
#5 sha256:0c8d55a45c0dc58de60579b9cc5b708de9e7957f4591fc7de941b67c7e245da0 10.49MB / 29.78MB 122.0s
#5 sha256:d0d1977db48579fff601d66e8aa7525a837b9b23aa7f8e0d3e1de01d8fb6ace6 8.39MB / 13.82MB 125.8s
#5 sha256:0c8d55a45c0dc58de60579b9cc5b708de9e7957f4591fc7de941b67c7e245da0 11.53MB / 29.78MB 127.0s
#5 sha256:d0d1977db48579fff601d66e8aa7525a837b9b23aa7f8e0d3e1de01d8fb6ace6 9.44MB / 13.82MB 129.7s
#5 sha256:0c8d55a45c0dc58de60579b9cc5b708de9e7957f4591fc7de941b67c7e245da0 13.63MB / 29.78MB 131.4s
#5 sha256:d0d1977db48579fff601d66e8aa7525a837b9b23aa7f8e0d3e1de01d8fb6ace6 10.49MB / 13.82MB 132.3s
#5 sha256:d0d1977db48579fff601d66e8aa7525a837b9b23aa7f8e0d3e1de01d8fb6ace6 11.53MB / 13.82MB 135.1s
#5 sha256:0c8d55a45c0dc58de60579b9cc5b708de9e7957f4591fc7de941b67c7e245da0 15.73MB / 29.78MB 135.7s
#5 sha256:d0d1977db48579fff601d66e8aa7525a837b9b23aa7f8e0d3e1de01d8fb6ace6 12.58MB / 13.82MB 137.5s
#5 sha256:0c8d55a45c0dc58de60579b9cc5b708de9e7957f4591fc7de941b67c7e245da0 17.83MB / 29.78MB 139.7s
#5 sha256:d0d1977db48579fff601d66e8aa7525a837b9b23aa7f8e0d3e1de01d8fb6ace6 13.63MB / 13.82MB 139.7s
#5 sha256:d0d1977db48579fff601d66e8aa7525a837b9b23aa7f8e0d3e1de01d8fb6ace6 13.82MB / 13.82MB 139.9s done
#5 sha256:0c8d55a45c0dc58de60579b9cc5b708de9e7957f4591fc7de941b67c7e245da0 19.92MB / 29.78MB 143.9s
#5 sha256:0c8d55a45c0dc58de60579b9cc5b708de9e7957f4591fc7de941b67c7e245da0 22.02MB / 29.78MB 148.3s
#5 sha256:0c8d55a45c0dc58de60579b9cc5b708de9e7957f4591fc7de941b67c7e245da0 24.12MB / 29.78MB 151.0s
#5 sha256:0c8d55a45c0dc58de60579b9cc5b708de9e7957f4591fc7de941b67c7e245da0 26.21MB / 29.78MB 154.6s
#5 sha256:0c8d55a45c0dc58de60579b9cc5b708de9e7957f4591fc7de941b67c7e245da0 27.26MB / 29.78MB 159.6s
#5 sha256:0c8d55a45c0dc58de60579b9cc5b708de9e7957f4591fc7de941b67c7e245da0 28.31MB / 29.78MB 164.7s
#5 sha256:0c8d55a45c0dc58de60579b9cc5b708de9e7957f4591fc7de941b67c7e245da0 29.78MB / 29.78MB 168.2s done
#5 extracting sha256:0c8d55a45c0dc58de60579b9cc5b708de9e7957f4591fc7de941b67c7e245da0 0.1s
#5 extracting sha256:0c8d55a45c0dc58de60579b9cc5b708de9e7957f4591fc7de941b67c7e245da0 0.4s done
#5 extracting sha256:690eaffcf0e9a6e579bf82062d0d78590bd1bc000a309b8e76ff4ca460bcdb6f 0.1s done
#5 extracting sha256:d0d1977db48579fff601d66e8aa7525a837b9b23aa7f8e0d3e1de01d8fb6ace6 0.1s
#5 extracting sha256:d0d1977db48579fff601d66e8aa7525a837b9b23aa7f8e0d3e1de01d8fb6ace6 0.3s done
#5 extracting sha256:63ebb7511fc188c7eca8836db8cac7bc37e7d188bd4e5fc617fa0f20979d8a7e
#5 extracting sha256:63ebb7511fc188c7eca8836db8cac7bc37e7d188bd4e5fc617fa0f20979d8a7e done
#5 DONE 169.4s

#7 [ 2/22] RUN apt-get update && apt-get install -y --no-install-recommends     cmake     build-essential     git     curl     ffmpeg     libopencv-dev     libgl1     libglib2.0-0     pulseaudio     pulseaudio-utils     xvfb     xauth     x11-utils     libnss3     libnspr4     libatk1.0-0     libatk-bridge2.0-0     libcups2     libdrm2     libxkbcommon0     libxcomposite1     libxdamage1     libxfixes3     libxrandr2     libgbm1     libasound2     libpango-1.0-0     libpangocairo-1.0-0     libgtk-3-0     libx11-xcb1     libxcb-dri3-0     libxshmfence1     fonts-liberation     fonts-noto-cjk     && rm -rf /var/lib/apt/lists/*     && apt-get clean
#7 0.645 Hit:1 http://deb.debian.org/debian trixie InRelease
#7 0.663 Get:2 http://deb.debian.org/debian trixie-updates InRelease [47.3 kB]
#7 0.943 Get:3 http://deb.debian.org/debian-security trixie-security InRelease [43.4 kB]
#7 1.255 Get:4 http://deb.debian.org/debian trixie/main amd64 Packages [9670 kB]
